2025-04-11 07:39:18,604 - __main__ - INFO - Starting vault reference migration...
2025-04-11 07:39:18,604 - __main__ - INFO - Migrating environment variables...
2025-04-11 07:39:18,760 - httpx - INFO - HTTP Request: GET https://zkssazqhwcetsnbiuqik.supabase.co/rest/v1/environment_variables?select=vault_secret_id&limit=1 "HTTP/2 404 Not Found"
2025-04-11 07:39:18,761 - src.haive.dataflow.registry.utils.vault_migration_script - WARNING - Error checking column: {'code': '42P01', 'details': None, 'hint': None, 'message': 'relation "public.environment_variables" does not exist'}
2025-04-11 07:39:18,761 - src.haive.dataflow.registry.utils.vault_migration_script - INFO - Please run this SQL in your database: ALTER TABLE config.environment_variables ADD COLUMN IF NOT EXISTS vault_secret_id UUID REFERENCES vault.secrets(id);
2025-04-11 07:39:18,761 - src.haive.dataflow.registry.utils.vault_migration_script - WARNING - Cannot migrate environment variables without vault_secret_id column
2025-04-11 07:39:18,761 - src.haive.dataflow.registry.utils.vault_migration_script - INFO - Please add the column manually and run the script again
2025-04-11 07:39:18,761 - __main__ - INFO - Migrating component environment mappings...
2025-04-11 07:39:18,799 - httpx - INFO - HTTP Request: GET https://zkssazqhwcetsnbiuqik.supabase.co/rest/v1/component_env_mappings?select=vault_secret_id&limit=1 "HTTP/2 404 Not Found"
2025-04-11 07:39:18,799 - src.haive.dataflow.registry.utils.vault_migration_script - WARNING - Error checking column: {'code': '42P01', 'details': None, 'hint': None, 'message': 'relation "public.component_env_mappings" does not exist'}
2025-04-11 07:39:18,799 - src.haive.dataflow.registry.utils.vault_migration_script - INFO - Please run this SQL in your database: ALTER TABLE config.component_env_mappings ADD COLUMN IF NOT EXISTS vault_secret_id UUID REFERENCES vault.secrets(id);
2025-04-11 07:39:18,800 - src.haive.dataflow.registry.utils.vault_migration_script - WARNING - Cannot migrate component environment mappings without vault_secret_id column
2025-04-11 07:39:18,800 - src.haive.dataflow.registry.utils.vault_migration_script - INFO - Please add the column manually and run the script again
2025-04-11 07:39:18,800 - __main__ - INFO - Migrating provider API keys...
2025-04-11 07:39:18,841 - httpx - INFO - HTTP Request: GET https://zkssazqhwcetsnbiuqik.supabase.co/rest/v1/providers?select=vault_secret_id&limit=1 "HTTP/2 404 Not Found"
2025-04-11 07:39:18,842 - src.haive.dataflow.registry.utils.vault_migration_script - WARNING - Error checking column: {'code': '42P01', 'details': None, 'hint': None, 'message': 'relation "public.providers" does not exist'}
2025-04-11 07:39:18,842 - src.haive.dataflow.registry.utils.vault_migration_script - INFO - Please run this SQL in your database: ALTER TABLE models.providers ADD COLUMN IF NOT EXISTS vault_secret_id UUID REFERENCES vault.secrets(id);
2025-04-11 07:39:18,842 - src.haive.dataflow.registry.utils.vault_migration_script - WARNING - Cannot migrate provider API keys without vault_secret_id column
2025-04-11 07:39:18,842 - src.haive.dataflow.registry.utils.vault_migration_script - INFO - Please add the column manually and run the script again
2025-04-11 07:39:18,842 - __main__ - INFO - Migrating engine API keys...
2025-04-11 07:39:18,881 - httpx - INFO - HTTP Request: GET https://zkssazqhwcetsnbiuqik.supabase.co/rest/v1/engines?select=vault_secret_id&limit=1 "HTTP/2 404 Not Found"
2025-04-11 07:39:18,881 - src.haive.dataflow.registry.utils.vault_migration_script - WARNING - Error checking column: {'code': '42P01', 'details': None, 'hint': None, 'message': 'relation "public.engines" does not exist'}
2025-04-11 07:39:18,881 - src.haive.dataflow.registry.utils.vault_migration_script - INFO - Please run this SQL in your database: ALTER TABLE engines.engines ADD COLUMN IF NOT EXISTS vault_secret_id UUID REFERENCES vault.secrets(id);
2025-04-11 07:39:18,881 - src.haive.dataflow.registry.utils.vault_migration_script - WARNING - Cannot migrate engine API keys without vault_secret_id column
2025-04-11 07:39:18,881 - src.haive.dataflow.registry.utils.vault_migration_script - INFO - Please add the column manually and run the script again
2025-04-11 07:39:18,881 - __main__ - INFO - Adding vault helper functions...
2025-04-11 07:39:18,882 - src.haive.dataflow.registry.utils.vault_migration_script - INFO - Please add the following helper functions to your database manually:
2025-04-11 07:39:18,882 - src.haive.dataflow.registry.utils.vault_migration_script - INFO - 
    -- Function to get a secret value from vault
    CREATE OR REPLACE FUNCTION get_vault_secret(secret_id UUID)
    RETURNS TEXT
    LANGUAGE plpgsql
    SECURITY DEFINER
    AS $$
    DECLARE
        secret_value TEXT;
    BEGIN
        SELECT decrypted_secret INTO secret_value
        FROM vault.decrypted_secrets
        WHERE id = secret_id;
        
        RETURN secret_value;
    END;
    $$;
    
    -- Function to get a secret value by name
    CREATE OR REPLACE FUNCTION get_vault_secret_by_name(secret_name TEXT)
    RETURNS TEXT
    LANGUAGE plpgsql
    SECURITY DEFINER
    AS $$
    DECLARE
        secret_value TEXT;
    BEGIN
        SELECT decrypted_secret INTO secret_value
        FROM vault.decrypted_secrets
        WHERE name = secret_name;
        
        RETURN secret_value;
    END;
    $$;
    
2025-04-11 07:39:18,882 - __main__ - INFO - Migration completed successfully
