2025-04-11 07:31:32,980 - __main__ - INFO - Starting vault reference migration...
2025-04-11 07:31:32,981 - __main__ - INFO - Migrating environment variables...
2025-04-11 07:31:33,200 - httpx - INFO - HTTP Request: GET https://zkssazqhwcetsnbiuqik.supabase.co/rest/v1/config.environment_variables?select=vault_secret_id&limit=1 "HTTP/2 404 Not Found"
2025-04-11 07:31:33,201 - src.haive.dataflow.registry.utils.vault_migration_script - ERROR - Error ensuring vault_reference column on config.environment_variables: {'code': '42P01', 'details': None, 'hint': None, 'message': 'relation "public.config.environment_variables" does not exist'}
2025-04-11 07:31:33,281 - httpx - INFO - HTTP Request: GET https://zkssazqhwcetsnbiuqik.supabase.co/rest/v1/vault.decrypted_secrets?select=id%2Cname "HTTP/2 404 Not Found"
2025-04-11 07:31:33,281 - src.haive.dataflow.registry.utils.vault_migration_script - ERROR - Error fetching existing vault secrets: {'code': '42P01', 'details': None, 'hint': None, 'message': 'relation "public.vault.decrypted_secrets" does not exist'}
2025-04-11 07:31:33,281 - src.haive.dataflow.registry.utils.vault_migration_script - INFO - Found 0 existing secrets in vault
2025-04-11 07:31:33,361 - httpx - INFO - HTTP Request: GET https://zkssazqhwcetsnbiuqik.supabase.co/rest/v1/config.environment_variables?select=%2A&is_secret=eq.True "HTTP/2 404 Not Found"
2025-04-11 07:31:33,361 - src.haive.dataflow.registry.utils.vault_migration_script - ERROR - Error migrating environment variables: {'code': '42P01', 'details': None, 'hint': None, 'message': 'relation "public.config.environment_variables" does not exist'}
2025-04-11 07:31:33,361 - __main__ - INFO - Migrating component environment mappings...
2025-04-11 07:31:33,405 - httpx - INFO - HTTP Request: GET https://zkssazqhwcetsnbiuqik.supabase.co/rest/v1/config.component_env_mappings?select=vault_secret_id&limit=1 "HTTP/2 404 Not Found"
2025-04-11 07:31:33,406 - src.haive.dataflow.registry.utils.vault_migration_script - ERROR - Error ensuring vault_reference column on config.component_env_mappings: {'code': '42P01', 'details': None, 'hint': None, 'message': 'relation "public.config.component_env_mappings" does not exist'}
2025-04-11 07:31:33,447 - httpx - INFO - HTTP Request: GET https://zkssazqhwcetsnbiuqik.supabase.co/rest/v1/config.component_env_mappings?select=%2A%2Cconfig.environment_variables%28name%2Cvault_secret_id%29 "HTTP/2 400 Bad Request"
2025-04-11 07:31:33,447 - src.haive.dataflow.registry.utils.vault_migration_script - ERROR - Error migrating component environment mappings: {'code': 'PGRST100', 'details': 'unexpected "e" expecting "sum", "avg", "count", "max" or "min"', 'hint': None, 'message': '"failed to parse select parameter (*,config.environment_variables(name,vault_secret_id))" (line 1, column 10)'}
2025-04-11 07:31:33,447 - __main__ - INFO - Migrating provider API keys...
2025-04-11 07:31:33,499 - httpx - INFO - HTTP Request: GET https://zkssazqhwcetsnbiuqik.supabase.co/rest/v1/models.providers?select=vault_secret_id&limit=1 "HTTP/2 404 Not Found"
2025-04-11 07:31:33,499 - src.haive.dataflow.registry.utils.vault_migration_script - ERROR - Error ensuring vault_reference column on models.providers: {'code': '42P01', 'details': None, 'hint': None, 'message': 'relation "public.models.providers" does not exist'}
2025-04-11 07:31:33,578 - httpx - INFO - HTTP Request: GET https://zkssazqhwcetsnbiuqik.supabase.co/rest/v1/vault.decrypted_secrets?select=id%2Cname "HTTP/2 404 Not Found"
2025-04-11 07:31:33,578 - src.haive.dataflow.registry.utils.vault_migration_script - ERROR - Error fetching existing vault secrets: {'code': '42P01', 'details': None, 'hint': None, 'message': 'relation "public.vault.decrypted_secrets" does not exist'}
2025-04-11 07:31:33,616 - httpx - INFO - HTTP Request: GET https://zkssazqhwcetsnbiuqik.supabase.co/rest/v1/models.providers?select=%2A "HTTP/2 404 Not Found"
2025-04-11 07:31:33,617 - src.haive.dataflow.registry.utils.vault_migration_script - ERROR - Error migrating provider API keys: {'code': '42P01', 'details': None, 'hint': None, 'message': 'relation "public.models.providers" does not exist'}
2025-04-11 07:31:33,617 - __main__ - INFO - Migrating engine API keys...
2025-04-11 07:31:33,658 - httpx - INFO - HTTP Request: GET https://zkssazqhwcetsnbiuqik.supabase.co/rest/v1/engines.engines?select=vault_secret_id&limit=1 "HTTP/2 404 Not Found"
2025-04-11 07:31:33,658 - src.haive.dataflow.registry.utils.vault_migration_script - ERROR - Error ensuring vault_reference column on engines.engines: {'code': '42P01', 'details': None, 'hint': None, 'message': 'relation "public.engines.engines" does not exist'}
2025-04-11 07:31:33,700 - httpx - INFO - HTTP Request: GET https://zkssazqhwcetsnbiuqik.supabase.co/rest/v1/vault.decrypted_secrets?select=id%2Cname "HTTP/2 404 Not Found"
2025-04-11 07:31:33,700 - src.haive.dataflow.registry.utils.vault_migration_script - ERROR - Error fetching existing vault secrets: {'code': '42P01', 'details': None, 'hint': None, 'message': 'relation "public.vault.decrypted_secrets" does not exist'}
2025-04-11 07:31:33,738 - httpx - INFO - HTTP Request: GET https://zkssazqhwcetsnbiuqik.supabase.co/rest/v1/engines.engines?select=%2A "HTTP/2 404 Not Found"
2025-04-11 07:31:33,739 - src.haive.dataflow.registry.utils.vault_migration_script - ERROR - Error migrating engine API keys: {'code': '42P01', 'details': None, 'hint': None, 'message': 'relation "public.engines.engines" does not exist'}
2025-04-11 07:31:33,739 - __main__ - INFO - Adding vault helper functions...
2025-04-11 07:31:33,782 - httpx - INFO - HTTP Request: POST https://zkssazqhwcetsnbiuqik.supabase.co/rest/v1/rpc/create_vault_function "HTTP/2 404 Not Found"
2025-04-11 07:31:33,783 - src.haive.dataflow.registry.utils.vault_migration_script - ERROR - Error creating vault helper functions: {'code': 'PGRST202', 'details': 'Searched for the function public.create_vault_function with parameters name, sql or with a single unnamed json/jsonb parameter, but no matches were found in the schema cache.', 'hint': None, 'message': 'Could not find the function public.create_vault_function(name, sql) in the schema cache'}
2025-04-11 07:31:33,783 - __main__ - INFO - Migration completed successfully
