2025-04-11 07:51:48,602 - __main__ - INFO - Starting vault migration...
2025-04-11 07:51:48,623 - vault_migration_script - INFO - Starting vault reference migration...
2025-04-11 07:51:48,623 - vault_migration_script - INFO - Migrating environment variables...
2025-04-11 07:51:48,800 - httpx - INFO - HTTP Request: POST https://zkssazqhwcetsnbiuqik.supabase.co/rest/v1/rpc/execute_sql "HTTP/2 400 Bad Request"
2025-04-11 07:51:48,800 - __main__ - ERROR - Error ensuring vault_reference column on config.environment_variables: {'code': '42703', 'details': None, 'hint': None, 'message': 'column "r" does not exist'}
2025-04-11 07:51:48,800 - __main__ - INFO - Please run this SQL in your database: ALTER TABLE config.environment_variables ADD COLUMN IF NOT EXISTS vault_secret_id UUID REFERENCES vault.secrets(id);
2025-04-11 07:51:48,800 - vault_migration_script - WARNING - Cannot migrate environment variables without vault_secret_id column
2025-04-11 07:51:48,800 - vault_migration_script - INFO - Please add the column manually and run the script again
2025-04-11 07:51:48,800 - vault_migration_script - INFO - Migrating component environment mappings...
2025-04-11 07:51:48,936 - httpx - INFO - HTTP Request: POST https://zkssazqhwcetsnbiuqik.supabase.co/rest/v1/rpc/execute_sql "HTTP/2 400 Bad Request"
2025-04-11 07:51:48,937 - __main__ - ERROR - Error ensuring vault_reference column on config.component_env_mappings: {'code': '42703', 'details': None, 'hint': None, 'message': 'column "r" does not exist'}
2025-04-11 07:51:48,937 - __main__ - INFO - Please run this SQL in your database: ALTER TABLE config.component_env_mappings ADD COLUMN IF NOT EXISTS vault_secret_id UUID REFERENCES vault.secrets(id);
2025-04-11 07:51:48,937 - vault_migration_script - WARNING - Cannot migrate component environment mappings without vault_secret_id column
2025-04-11 07:51:48,937 - vault_migration_script - INFO - Please add the column manually and run the script again
2025-04-11 07:51:48,937 - vault_migration_script - INFO - Migrating provider API keys...
2025-04-11 07:51:49,049 - httpx - INFO - HTTP Request: POST https://zkssazqhwcetsnbiuqik.supabase.co/rest/v1/rpc/execute_sql "HTTP/2 400 Bad Request"
2025-04-11 07:51:49,050 - __main__ - ERROR - Error ensuring vault_reference column on models.providers: {'code': '42703', 'details': None, 'hint': None, 'message': 'column "r" does not exist'}
2025-04-11 07:51:49,050 - __main__ - INFO - Please run this SQL in your database: ALTER TABLE models.providers ADD COLUMN IF NOT EXISTS vault_secret_id UUID REFERENCES vault.secrets(id);
2025-04-11 07:51:49,050 - vault_migration_script - WARNING - Cannot migrate provider API keys without vault_secret_id column
2025-04-11 07:51:49,050 - vault_migration_script - INFO - Please add the column manually and run the script again
2025-04-11 07:51:49,050 - vault_migration_script - INFO - Migrating engine API keys...
2025-04-11 07:51:49,176 - httpx - INFO - HTTP Request: POST https://zkssazqhwcetsnbiuqik.supabase.co/rest/v1/rpc/execute_sql "HTTP/2 400 Bad Request"
2025-04-11 07:51:49,176 - __main__ - ERROR - Error ensuring vault_reference column on engines.engines: {'code': '42703', 'details': None, 'hint': None, 'message': 'column "r" does not exist'}
2025-04-11 07:51:49,176 - __main__ - INFO - Please run this SQL in your database: ALTER TABLE engines.engines ADD COLUMN IF NOT EXISTS vault_secret_id UUID REFERENCES vault.secrets(id);
2025-04-11 07:51:49,176 - vault_migration_script - WARNING - Cannot migrate engine API keys without vault_secret_id column
2025-04-11 07:51:49,177 - vault_migration_script - INFO - Please add the column manually and run the script again
2025-04-11 07:51:49,177 - vault_migration_script - INFO - Adding vault helper functions...
2025-04-11 07:51:49,285 - httpx - INFO - HTTP Request: POST https://zkssazqhwcetsnbiuqik.supabase.co/rest/v1/rpc/execute_sql "HTTP/2 400 Bad Request"
2025-04-11 07:51:49,286 - __main__ - ERROR - Error executing SQL: {'code': '42703', 'details': None, 'hint': None, 'message': 'column "r" does not exist'}
2025-04-11 07:51:49,286 - vault_migration_script - WARNING - Failed to create get_vault_secret function
2025-04-11 07:51:49,286 - vault_migration_script - INFO - Migration completed with the following results:
2025-04-11 07:51:49,286 - vault_migration_script - INFO - Environment variables migrated: 0
2025-04-11 07:51:49,286 - vault_migration_script - INFO - Component environment mappings migrated: 0
2025-04-11 07:51:49,286 - vault_migration_script - INFO - Providers migrated: 0
2025-04-11 07:51:49,286 - vault_migration_script - INFO - Engines migrated: 0
2025-04-11 07:51:49,286 - vault_migration_script - INFO - Total items migrated: 0
2025-04-11 07:51:49,286 - vault_migration_script - WARNING - Migration did not complete successfully
