2025-04-09 21:43:33,754 - haive.registry.discovery.providers - ERROR - Error importing base module src.haive.agents.llm_compiler: cannot import name 'AgentArchitecture' from 'src.haive.core.engine.agent.agent' (/home/will/Projects/haive/backend/haive/src/haive/core/engine/agent/agent.py)
2025-04-09 21:43:33,761 - haive.registry.discovery.providers - ERROR - Error importing base module src.haive.agents.mcts: cannot import name 'MCTSAgentState' from 'src.haive.agents.mcts.state' (/home/will/Projects/haive/backend/haive/src/haive/agents/mcts/state.py)
2025-04-09 21:43:36,001 - haive.registry.discovery.providers - ERROR - Error discovering modules in src.haive.agents.open_perplexity: A non-annotated attribute was detected: `loader_metadata = {'name': 'GitHub Issues Loader', 'description': 'Loads issues from GitHub repositories', 'best_for': ['software development', 'open source projects', 'bug reports', 'feature requests'], 'source_type': 'github', 'structured_data': True, 'parameters': ['repo', 'access_token']}`. All model fields require a type annotation; if `loader_metadata` is not meant to be a field, you may be able to resolve this error by annotating it as a `ClassVar` or updating `model_config['ignored_types']`.

For further information visit https://errors.pydantic.dev/2.10/u/model-field-missing-annotation
2025-04-09 21:43:36,008 - haive.registry.discovery.providers - ERROR - Error importing base module src.haive.agents.web_nav.utils.introspection: No module named 'src.haive.agents.web_nav.utils.introspection'
2025-04-09 21:46:40,520 - haive.registry.discovery.providers - ERROR - Error importing base module src.haive.agents.llm_compiler: cannot import name 'AgentArchitecture' from 'src.haive.core.engine.agent.agent' (/home/will/Projects/haive/backend/haive/src/haive/core/engine/agent/agent.py)
2025-04-09 21:46:40,526 - haive.registry.discovery.providers - ERROR - Error importing base module src.haive.agents.mcts: cannot import name 'MCTSAgentState' from 'src.haive.agents.mcts.state' (/home/will/Projects/haive/backend/haive/src/haive/agents/mcts/state.py)
2025-04-09 21:46:44,561 - haive.registry.discovery.providers - ERROR - Error discovering modules in src.haive.agents.open_perplexity: A non-annotated attribute was detected: `loader_metadata = {'name': 'GitHub Issues Loader', 'description': 'Loads issues from GitHub repositories', 'best_for': ['software development', 'open source projects', 'bug reports', 'feature requests'], 'source_type': 'github', 'structured_data': True, 'parameters': ['repo', 'access_token']}`. All model fields require a type annotation; if `loader_metadata` is not meant to be a field, you may be able to resolve this error by annotating it as a `ClassVar` or updating `model_config['ignored_types']`.

For further information visit https://errors.pydantic.dev/2.10/u/model-field-missing-annotation
2025-04-09 21:46:44,568 - haive.registry.discovery.providers - ERROR - Error importing base module src.haive.agents.web_nav.utils.introspection: No module named 'src.haive.agents.web_nav.utils.introspection'
2025-04-09 22:02:55,662 - haive.registry.discovery.providers - ERROR - Error importing base module src.haive.agents.llm_compiler: cannot import name 'AgentArchitecture' from 'src.haive.core.engine.agent.agent' (/home/will/Projects/haive/backend/haive/src/haive/core/engine/agent/agent.py)
2025-04-09 22:02:55,670 - haive.registry.discovery.providers - ERROR - Error importing base module src.haive.agents.mcts: cannot import name 'MCTSAgentState' from 'src.haive.agents.mcts.state' (/home/will/Projects/haive/backend/haive/src/haive/agents/mcts/state.py)
2025-04-09 22:02:58,419 - haive.registry.discovery.providers - ERROR - Error discovering modules in src.haive.agents.open_perplexity: A non-annotated attribute was detected: `loader_metadata = {'name': 'GitHub Issues Loader', 'description': 'Loads issues from GitHub repositories', 'best_for': ['software development', 'open source projects', 'bug reports', 'feature requests'], 'source_type': 'github', 'structured_data': True, 'parameters': ['repo', 'access_token']}`. All model fields require a type annotation; if `loader_metadata` is not meant to be a field, you may be able to resolve this error by annotating it as a `ClassVar` or updating `model_config['ignored_types']`.

For further information visit https://errors.pydantic.dev/2.10/u/model-field-missing-annotation
2025-04-09 22:02:58,426 - haive.registry.discovery.providers - ERROR - Error importing base module src.haive.agents.web_nav.utils.introspection: No module named 'src.haive.agents.web_nav.utils.introspection'
2025-04-10 13:47:37,184 - haive.registry.discovery.providers - ERROR - Error importing base module src.haive.agents.llm_compiler: cannot import name 'AgentArchitecture' from 'src.haive.core.engine.agent.agent' (/home/will/Projects/haive/backend/haive/src/haive/core/engine/agent/agent.py)
2025-04-10 13:47:37,191 - haive.registry.discovery.providers - ERROR - Error importing base module src.haive.agents.mcts: cannot import name 'MCTSAgentState' from 'src.haive.agents.mcts.state' (/home/will/Projects/haive/backend/haive/src/haive/agents/mcts/state.py)
2025-04-10 13:47:39,674 - haive.registry.discovery.providers - ERROR - Error discovering modules in src.haive.agents.open_perplexity: A non-annotated attribute was detected: `loader_metadata = {'name': 'GitHub Issues Loader', 'description': 'Loads issues from GitHub repositories', 'best_for': ['software development', 'open source projects', 'bug reports', 'feature requests'], 'source_type': 'github', 'structured_data': True, 'parameters': ['repo', 'access_token']}`. All model fields require a type annotation; if `loader_metadata` is not meant to be a field, you may be able to resolve this error by annotating it as a `ClassVar` or updating `model_config['ignored_types']`.

For further information visit https://errors.pydantic.dev/2.10/u/model-field-missing-annotation
2025-04-10 13:47:39,679 - haive.registry.discovery.providers - ERROR - Error importing base module src.haive.agents.research.person: No module named 'src.haive.agents.person_research'
2025-04-10 13:47:39,682 - haive.registry.discovery.providers - ERROR - Error importing base module src.haive.agents.web_nav.utils.introspection: No module named 'src.haive.agents.web_nav.utils.introspection'
2025-04-10 14:08:05,885 - haive.registry.discovery.providers - ERROR - Error importing base module src.haive.agents.llm_compiler: cannot import name 'AgentArchitecture' from 'src.haive.core.engine.agent.agent' (/home/will/Projects/haive/backend/haive/src/haive/core/engine/agent/agent.py)
2025-04-10 14:08:05,893 - haive.registry.discovery.providers - ERROR - Error importing base module src.haive.agents.mcts: cannot import name 'MCTSAgentState' from 'src.haive.agents.mcts.state' (/home/will/Projects/haive/backend/haive/src/haive/agents/mcts/state.py)
2025-04-10 14:08:08,430 - haive.registry.discovery.providers - ERROR - Error discovering modules in src.haive.agents.open_perplexity: A non-annotated attribute was detected: `loader_metadata = {'name': 'GitHub Issues Loader', 'description': 'Loads issues from GitHub repositories', 'best_for': ['software development', 'open source projects', 'bug reports', 'feature requests'], 'source_type': 'github', 'structured_data': True, 'parameters': ['repo', 'access_token']}`. All model fields require a type annotation; if `loader_metadata` is not meant to be a field, you may be able to resolve this error by annotating it as a `ClassVar` or updating `model_config['ignored_types']`.

For further information visit https://errors.pydantic.dev/2.10/u/model-field-missing-annotation
2025-04-10 14:08:08,435 - haive.registry.discovery.providers - ERROR - Error importing base module src.haive.agents.research.person: No module named 'src.haive.agents.person_research'
2025-04-10 14:08:08,438 - haive.registry.discovery.providers - ERROR - Error importing base module src.haive.agents.web_nav.utils.introspection: No module named 'src.haive.agents.web_nav.utils.introspection'
2025-04-10 16:54:17,264 - haive.registry.discovery.providers - ERROR - Error importing base module src.haive.agents.llm_compiler: cannot import name 'AgentArchitecture' from 'src.haive.core.engine.agent.agent' (/home/will/Projects/haive/backend/haive/src/haive/core/engine/agent/agent.py)
2025-04-10 16:54:17,275 - haive.registry.discovery.providers - ERROR - Error importing base module src.haive.agents.mcts: cannot import name 'MCTSAgentState' from 'src.haive.agents.mcts.state' (/home/will/Projects/haive/backend/haive/src/haive/agents/mcts/state.py)
2025-04-10 16:54:17,294 - haive.registry.discovery.providers - ERROR - Error importing base module src.haive.agents.research.open_perplexity: No module named 'src.haive.agents.open_perplexity'
2025-04-10 16:54:17,296 - haive.registry.discovery.providers - ERROR - Error importing base module src.haive.agents.research.person: No module named 'src.haive.agents.person_research'
2025-04-10 16:54:17,298 - haive.registry.discovery.providers - ERROR - Error importing base module src.haive.agents.research.storm: No module named 'src.haive.agents.research.storm.agent'
